[{
    "name": "a-b",
    "value": true,
    "description": null
}, {
    "name": "c-d",
    "value": true,
    "description": "This is a feature"
}, {
    "name": "c-d-e",
    "value": true,
    "description": null
}, {
    "name": "c-d-f",
    "value": false,
    "description": null
}, {
    "name": "c-d-g-h",
    "value": false,
    "description": null
}, {
    "name": "c-d-i-j",
    "value": true,
    "description": null
}]
