[{
    "name": "a",
    "value": true,
    "description": "This is a feature"
}]
