[{
    "name": "ft_a",
    "value": true,
    "description": null
}, {
    "name": "ft_b",
    "value": true,
    "description": null
}, {
    "name": "ft_c",
    "value": false,
    "description": null
}]
