[{
    "name": "a",
    "value": true,
    "description": null
}, {
    "name": "b",
    "value": true,
    "description": null
}, {
    "name": "c",
    "value": false,
    "description": null
}]
